// Jest Snapshot v1, https://goo.gl/fbAQLP

exports[`Initiated Wishlist matches the snapshot 1`] = `
<div
  className="wishlist-products"
>
  <h3>
    WishList
  </h3>
  <ul
    className="wishlist-products-list"
  />
  <div
    className="modal  hidden"
  >
    <div
      className="modal-content"
    >
      <div
        className="notification"
      >
        <img
          alt="warning"
          height={40}
          src="/imgs/warning.svg"
          width={40}
        />
        <div
          className="notification-title"
        >
          
        </div>
      </div>
      <div
        className="custom-button modal-content-close"
        onClick={[Function]}
      >
        Close
      </div>
    </div>
  </div>
</div>
`;
